C51 COMPILER V9.60.7.0   T_14_4                                                            09/23/2024 10:12:20 PAGE 1   


C51 COMPILER V9.60.7.0, COMPILATION OF MODULE T_14_4
OBJECT MODULE PLACED IN .\Objects\T_14_4.obj
COMPILER INVOKED BY: C:\Keil_v5\C51\BIN\C51.EXE T_14_4.c OPTIMIZE(8,SPEED) BROWSE DEBUG OBJECTEXTEND PRINT(.\Listings\T_
                    -14_4.lst) TABS(2) OBJECT(.\Objects\T_14_4.obj)

line level    source

   1          
   2          ///////*Method_01*/
   3          //////#include <reg51.h>
   4          
   5          //////sbit wr = P2^5;
   6          //////sbit rs = P2^6;
   7          //////sbit en = P2^7;
   8          
   9          //////#define text P0
  10          
  11          //////void delay_ms() {
  12          //////    int i, j;
  13          //////    for(i = 0; i < 100; i++) {
  14          //////        for (j = 0; j < 100; j++);
  15          //////    }
  16          //////}
  17          
  18          //////void lcd_delay() {
  19          //////    delay_ms();
  20          //////}
  21          
  22          //////void lcd_cmd(unsigned char a){
  23          //////  text = a;
  24          //////  rs = 0; 
  25          //////  wr = 0; 
  26          //////  en = 1;
  27          //////  lcd_delay();
  28          //////  en = 0;
  29          //////}
  30          
  31          //////void lcd_data(unsigned char b){
  32          //////  text = b;
  33          //////  rs = 1; 
  34          //////  wr = 0;
  35          //////  en = 1;
  36          //////  lcd_delay();
  37          //////  en = 0;
  38          //////}
  39          
  40          //////void lcd_init() {
  41          //////    lcd_cmd(0x01); 
  42          //////    delay_ms();    
  43          //////    lcd_cmd(0x38);
  44          //////    delay_ms();      
  45          //////    lcd_cmd(0x0E); 
  46          //////    delay_ms();     
  47          //////    lcd_cmd(0x10); 
  48          //////    delay_ms();      
  49          //////    lcd_cmd(0x80);
  50          //////    delay_ms();
  51          //////}
  52          
  53          //////int main() {
  54          //////  text = 0x00;  
C51 COMPILER V9.60.7.0   T_14_4                                                            09/23/2024 10:12:20 PAGE 2   

  55          //////    lcd_init();  
  56          //////    
  57          //////    lcd_data('Z');
  58          //////    delay_ms(); 
  59          
  60          //////    lcd_data('U');
  61          //////    delay_ms();
  62          
  63          //////    lcd_data('N');
  64          //////    delay_ms();     
  65          
  66          //////    lcd_data('0');
  67          //////    delay_ms();
  68          
  69          //////    lcd_data('R');
  70          //////    delay_ms();
  71          
  72          //////    lcd_data('A');
  73          //////    delay_ms();      
  74          
  75          //////    lcd_data('I');
  76          //////    delay_ms();  
  77          
  78          //////    lcd_data('N');
  79          //////    delay_ms();  
  80          //////    
  81          ////////    lcd_data('I');
  82          ////////    delay_ms();   
  83          ////////    
  84          ////////    lcd_data('N');
  85          ////////    delay_ms();
  86          //////    
  87          //////    return 0;
  88          //////}
  89          
  90          
  91          
  92          
  93          
  94          
  95          
  96          //--------------------------------------------------------------------------------------------------------
             ------------------------
  97          
  98          /*..This file(T_14_4.c) serves as a Main file..*/
  99          
 100          #include "LCD.h"
 101          
 102          int main() {
 103   1          while(1){
 104   2          lcd_init();    // Initialize the LCD
 105   2          lcd_clear(); // Clear the LCD
 106   2        
 107   2          // Example usage
 108   2          lcd_write(0, 0, 'H');  // Write 'H' at the beginning of the first line
 109   2          lcd_write(0, 1, 'e');  // Write 'e' at the second position of the first line
 110   2          lcd_write(0, 2, 'l');  // Write 'l' at the third position of the first line
 111   2          lcd_write(0, 3, 'l');  // Write 'l' at the fourth position of the first line
 112   2          lcd_write(0, 4, 'o');  // Write 'o' at the fifth position of the first line
 113   2      
 114   2          //    lcd_set_cursor(1, 0);  // Set cursor to the beginning of the second line
 115   2          lcd_write(1, 0, 'W');  // Write 'W' at the beginning of the second line
C51 COMPILER V9.60.7.0   T_14_4                                                            09/23/2024 10:12:20 PAGE 3   

 116   2          lcd_write(1, 1, 'o');  // Write 'o' at the second position of the second line
 117   2          lcd_write(1, 2, 'r');  // Write 'r' at the third position of the second line
 118   2          lcd_write(1, 3, 'l');  // Write 'l' at the fourth position of the second line
 119   2          lcd_write(1, 4, 'd');  // Write 'd' at the fifth position of the second line
 120   2      
 121   2          //    while(1); // Infinite loop to keep the microcontroller running
 122   2            }
 123   1      }


MODULE INFORMATION:   STATIC OVERLAYABLE
   CODE SIZE        =     97    ----
   CONSTANT SIZE    =   ----    ----
   XDATA SIZE       =   ----    ----
   PDATA SIZE       =   ----    ----
   DATA SIZE        =   ----    ----
   IDATA SIZE       =   ----    ----
   BIT SIZE         =   ----    ----
END OF MODULE INFORMATION.


C51 COMPILATION COMPLETE.  0 WARNING(S),  0 ERROR(S)
