C51 COMPILER V9.60.7.0   TASK                                                              04/16/2024 12:08:12 PAGE 1   


C51 COMPILER V9.60.7.0, COMPILATION OF MODULE TASK
OBJECT MODULE PLACED IN .\Objects\task.obj
COMPILER INVOKED BY: C:\Keil_v5\C51\BIN\C51.EXE task.c OPTIMIZE(8,SPEED) BROWSE DEBUG OBJECTEXTEND PRINT(.\Listings\task
                    -.lst) TABS(2) OBJECT(.\Objects\task.obj)

line level    source

   1          /*...Method_01...*/
   2          #include <reg52.h>
   3          
   4          /////////////////////////
   5          sbit pin1 = P2^2;   /////  these pins are used for Activation of any 7-segment display of LED.
   6          sbit pin2 = P2^3;   /////       //
   7          sbit pin3 = P2^4;   /////       //
   8          /////////////////////////
   9          
  10          /////////////////////////
  11          #define LED P0    /////// this `Port_0` is used for any value, alphabet or whatever we want to display on 
             -`7-segment display`
  12          /////////////////////////
  13          
  14          sbit led0 = P2^0; 
  15          
  16          void M0T0delay(unsigned int);
  17          
  18          void main(){
  19   1        while(1){
  20   2          
  21   2      //    ///////////////////////////////////////////////////////
  22   2      //    //  Here we are going to check the delay for the///////
  23   2      //    //  Seven segment display through using `PIN 2.0` -->> led0
  24   2      //    /////// 1-th seven segment display /////////////////////
  25   2      //        pin1 = 0;//////////////////////////////////////////
  26   2      //        pin2 = 0;//////////////////////////////////////////
  27   2      //        pin3 = 0;//////////////////////////////////////////
  28   2      //        led0 = ~led0;//////////////////////////////////////
  29   2      //        M0T0delay(500);////////////////////////////////////
  30   2      //    ///////////////////////////////////////////////////////
  31   2          
  32   2          // 2-nd seven segment display
  33   2          pin1 = 1;
  34   2          pin2 = 0;
  35   2          pin3 = 0;
  36   2          LED = ~LED;
  37   2          led0 = ~led0;
  38   2          M0T0delay(500);
  39   2          
  40   2          
  41   2          
  42   2          
  43   2      ////    
  44   2      ////    // 2
  45   2      ////    pin1 = 0;
  46   2      ////    pin2 = 1;
  47   2      ////    pin3 = 0;
  48   2      ////    M0T0delay(500);
  49   2      ////    
  50   2      ////    // 3
  51   2      ////    pin1 = 1;
  52   2      ////    pin2 = 1;
  53   2      ////    pin3 = 0;
C51 COMPILER V9.60.7.0   TASK                                                              04/16/2024 12:08:12 PAGE 2   

  54   2      ////    M0T0delay(500);
  55   2      ////    
  56   2      ////    // 4
  57   2      ////    pin1 = 0;
  58   2      ////    pin2 = 0;
  59   2      ////    pin3 = 1;
  60   2      ////    M0T0delay(500);
  61   2      ////    
  62   2      ////    // 5
  63   2      ////    pin1 = 1;
  64   2      ////    pin2 = 0;
  65   2      ////    pin3 = 1;
  66   2      ////    M0T0delay(500);
  67   2      ////    
  68   2      ////    // 6
  69   2      ////    pin1 = 0;
  70   2      ////    pin2 = 1;
  71   2      ////    pin3 = 1;
  72   2      ////    M0T0delay(500);
  73   2      ////    
  74   2      ////    // 7
  75   2      ////    pin1 = 1;
  76   2      ////    pin2 = 1;
  77   2      ////    pin3 = 1;
  78   2      ////    M0T0delay(500);
  79   2          
  80   2        }
  81   1      }
  82          
  83          void M0T0delay(unsigned int ms) {
  84   1          unsigned int i, j;
  85   1          for (i = 0; i < ms; i++)
  86   1              for (j = 0; j < 112; j++);
  87   1      }
  88          
  89          
  90          
  91          
  92          
  93          
  94          
  95          
  96          
  97          
  98          
  99          
 100          
 101          
 102          
 103          
 104          
 105          
 106          /////////////*...Method_01...*/
 107          ////////////#include <reg52.h>
 108          ////////////sbit pin1 = P2^2;
 109          ////////////sbit pin2 = P2^3;
 110          ////////////sbit pin3 = P2^4;
 111          ////////////sbit led1 = P2^0;
 112          ////////////#define LED P0
 113          
 114          
 115          ////////////void M0T0delay(unsigned int);
C51 COMPILER V9.60.7.0   TASK                                                              04/16/2024 12:08:12 PAGE 3   

 116          
 117          ////////////void main(){
 118          ////////////  while(1){
 119          ////////////    
 120          ////////////    // 0
 121          ////////////    pin1 = 0;
 122          ////////////    pin2 = 0;
 123          ////////////    pin3 = 0;
 124          ////////////    M0T0delay(500);
 125          ////////////    LED = 0xFF;
 126          ////////////    M0T0delay(500);
 127          ////////////    
 128          ////////////    // 1
 129          ////////////    pin1 = 1;
 130          ////////////    pin2 = 0;
 131          ////////////    pin3 = 0;
 132          ////////////    M0T0delay(500);
 133          ////////////    
 134          ////////////    // 2
 135          ////////////    pin1 = 0;
 136          ////////////    pin2 = 1;
 137          ////////////    pin3 = 0;
 138          ////////////    M0T0delay(500);
 139          ////////////    
 140          ////////////    // 3
 141          ////////////    pin1 = 1;
 142          ////////////    pin2 = 1;
 143          ////////////    pin3 = 0;
 144          ////////////    M0T0delay(500);
 145          ////////////    
 146          ////////////    // 4
 147          ////////////    pin1 = 0;
 148          ////////////    pin2 = 0;
 149          ////////////    pin3 = 1;
 150          ////////////    M0T0delay(500);
 151          ////////////    
 152          ////////////    // 5
 153          ////////////    pin1 = 1;
 154          ////////////    pin2 = 0;
 155          ////////////    pin3 = 1;
 156          ////////////    M0T0delay(500);
 157          ////////////    
 158          ////////////    // 6
 159          ////////////    pin1 = 0;
 160          ////////////    pin2 = 1;
 161          ////////////    pin3 = 1;
 162          ////////////    M0T0delay(500);
 163          ////////////    
 164          ////////////    // 7
 165          ////////////    pin1 = 1;
 166          ////////////    pin2 = 1;
 167          ////////////    pin3 = 1;
 168          ////////////    M0T0delay(500);
 169          ////////////    
 170          ////////////  }
 171          ////////////}
 172          
 173          ////////////void M0T0delay(unsigned int ms) {
 174          ////////////    unsigned int i, j;
 175          ////////////    for (i = 0; i < ms; i++)
 176          ////////////        for (j = 0; j < 112; j++);
 177          ////////////}
C51 COMPILER V9.60.7.0   TASK                                                              04/16/2024 12:08:12 PAGE 4   

 178          
 179          


MODULE INFORMATION:   STATIC OVERLAYABLE
   CODE SIZE        =     52    ----
   CONSTANT SIZE    =   ----    ----
   XDATA SIZE       =   ----    ----
   PDATA SIZE       =   ----    ----
   DATA SIZE        =   ----    ----
   IDATA SIZE       =   ----    ----
   BIT SIZE         =   ----    ----
END OF MODULE INFORMATION.


C51 COMPILATION COMPLETE.  0 WARNING(S),  0 ERROR(S)
