C51 COMPILER V9.60.7.0   TASK_14_5_MAIN                                                    09/23/2024 10:15:43 PAGE 1   


C51 COMPILER V9.60.7.0, COMPILATION OF MODULE TASK_14_5_MAIN
OBJECT MODULE PLACED IN .\Objects\Task_14_5_main.obj
COMPILER INVOKED BY: C:\Keil_v5\C51\BIN\C51.EXE Task_14_5_main.c OPTIMIZE(8,SPEED) BROWSE DEBUG OBJECTEXTEND PRINT(.\Lis
                    -tings\Task_14_5_main.lst) TABS(2) OBJECT(.\Objects\Task_14_5_main.obj)

line level    source

   1          #include "LCD.h" // Include the LCD header file
   2          
   3          int main() {
   4   1          
   5   1          while(1){
   6   2          lcd_init();    // Initialize the LCD
   7   2          lcd_clear(); // Clear the LCD
   8   2      
   9   2          // Example usage
  10   2          lcd_write(0, 0, 'A');
  11   2          lcd_write(0, 1, 'B');
  12   2          lcd_write(0, 2, 'D');
  13   2          lcd_write(0, 3, 'U');
  14   2          lcd_write(0, 4, 'L');
  15   2          lcd_write(0, 5, 'L');
  16   2          lcd_write(0, 6, 'A');
  17   2          lcd_write(0, 7, 'H');
  18   2            
  19   2            
  20   2          lcd_set_cursor(1, 0);  // Set cursor to the beginning of the second line
  21   2          lcd_write(1, 0, 'K');  // Write 'W' at the beginning of the second line
  22   2          lcd_write(1, 1, 'A');  // Write 'o' at the second position of the second line
  23   2          lcd_write(1, 2, 'M');  // Write 'r' at the third position of the second line
  24   2          lcd_write(1, 3, 'A');  // Write 'l' at the fourth position of the second line
  25   2          lcd_write(1, 4, 'L');  // Write 'd' at the fifth position of the second line
  26   2      
  27   2          //    while(1); // Infinite loop to keep the microcontroller running
  28   2          return 0;
  29   2          }
  30   1      }


MODULE INFORMATION:   STATIC OVERLAYABLE
   CODE SIZE        =    133    ----
   CONSTANT SIZE    =   ----    ----
   XDATA SIZE       =   ----    ----
   PDATA SIZE       =   ----    ----
   DATA SIZE        =   ----    ----
   IDATA SIZE       =   ----    ----
   BIT SIZE         =   ----    ----
END OF MODULE INFORMATION.


C51 COMPILATION COMPLETE.  0 WARNING(S),  0 ERROR(S)
